[2026-08-25T07:24:52.629Z] [debug] [vite] connecting...
[2026-08-25T07:24:52.643Z] [debug] [vite] connected.
[2026-08-25T07:24:52.949Z] [warning] [.WebGL-0x1d5400b09400]GL Driver Message (OpenGL, Performance, GL_CLOSE_PATH_NV, High): GPU stall due to ReadPixels
[2026-08-25T07:24:53.550Z] [warning] [.WebGL-0x1d5400b09400]GL Driver Message (OpenGL, Performance, GL_CLOSE_PATH_NV, High): GPU stall due to ReadPixels
[2026-08-25T07:24:53.662Z] [warning] [.WebGL-0x1d5400b09400]GL Driver Message (OpenGL, Performance, GL_CLOSE_PATH_NV, High): GPU stall due to ReadPixels
[2026-08-25T07:24:53.764Z] [warning] [.WebGL-0x1d5400b09400]GL Driver Message (OpenGL, Performance, GL_CLOSE_PATH_NV, High): GPU stall due to ReadPixels (this message will no longer repeat)
[2026-08-25T07:26:05.454Z] [debug] [vite] connecting...
[2026-08-25T07:26:05.486Z] [debug] [vite] connected.
[2026-08-25T07:27:15.555Z] [debug] [vite] connecting...
[2026-08-25T07:27:15.581Z] [debug] [vite] connected.
[2026-08-25T07:27:47.472Z] [debug] [vite] connecting...
[2026-08-25T07:27:47.490Z] [debug] [vite] connected.
[2026-08-25T07:27:57.540Z] [debug] [vite] connecting...
[2026-08-25T07:27:57.569Z] [debug] [vite] connected.
[2026-08-25T07:28:40.775Z] [debug] [vite] connecting...
[2026-08-25T07:28:40.800Z] [debug] [vite] connected.
[2026-08-25T07:29:18.884Z] [debug] [vite] connecting...
[2026-08-25T07:29:18.960Z] [debug] [vite] connected.
[2026-08-25T07:29:22.554Z] [debug] [vite] connecting...
[2026-08-25T07:29:22.581Z] [debug] [vite] connected.
[2026-08-25T07:29:25.556Z] [debug] [vite] connecting...
[2026-08-25T07:29:25.572Z] [debug] [vite] connected.
[2026-08-25T07:29:28.565Z] [debug] [vite] connecting...
[2026-08-25T07:29:28.574Z] [debug] [vite] connected.
[2026-08-25T07:29:31.568Z] [debug] [vite] connecting...
[2026-08-25T07:29:31.578Z] [debug] [vite] connected.
[2026-08-25T07:29:34.572Z] [debug] [vite] connecting...
[2026-08-25T07:29:34.578Z] [debug] [vite] connected.
[2026-08-25T07:29:53.497Z] [debug] [vite] connecting...
[2026-08-25T07:29:53.509Z] [debug] [vite] connected.
[2026-08-25T07:30:05.095Z] [debug] [vite] connecting...
[2026-08-25T07:30:05.103Z] [debug] [vite] connected.
[2026-08-25T07:30:15.400Z] [debug] [vite] connecting...
[2026-08-25T07:30:15.407Z] [debug] [vite] connected.
[2026-08-25T07:30:25.336Z] [debug] [vite] connecting...
[2026-08-25T07:30:25.342Z] [debug] [vite] connected.
[2026-08-25T07:30:33.258Z] [debug] [vite] connecting...
[2026-08-25T07:30:33.263Z] [debug] [vite] connected.
[2026-08-25T07:30:55.536Z] [debug] [vite] connecting...
[2026-08-25T07:30:55.561Z] [debug] [vite] connected.
[2026-08-25T07:31:08.077Z] [debug] [vite] connecting...
[2026-08-25T07:31:08.087Z] [debug] [vite] connected.
[2026-08-25T08:19:56.092Z] [error] Wattle 3D initialization failed Error: The renderer was disabled by the QA query.
    at init (http://127.0.0.1:4193/script.js:140:11)
[2026-08-25T08:21:19.099Z] [error] Wattle 3D initialization failed Error: The renderer was disabled by the QA query.
    at init (http://127.0.0.1:4193/script.js:140:11)
[2026-08-25T08:22:06.750Z] [error] Wattle 3D initialization failed Error: The renderer was disabled by the QA query.
    at init (http://127.0.0.1:4193/script.js:140:11)
[2026-08-25T08:22:10.250Z] [error] Wattle 3D initialization failed Error: The renderer was disabled by the QA query.
    at init (http://127.0.0.1:4193/script.js:140:11)
